apiVersion: apps/v1
kind: Deployment
metadata:
  name: myapp
spec:
  selector:
    matchLabels:
      app: myapp
  template:
    metadata:
      labels:
        app: myapp
    spec:
      containers:
      - image: localhost:1338/mirror/localhost1338/image@sha256:68c6251593df9b6bfefdc4006e9260a4288ddd942f9b75cbe736088e74f1cb6a
        name: myapp
        ports:
        - containerPort: 8080
